
> porta-delivery-admin@0.1.0 prebuild
> npm run api:check


> porta-delivery-admin@0.1.0 api:check
> node scripts/generate-contract.mjs --check

Generated schemas match the approved local contract.

> porta-delivery-admin@0.1.0 build
> next build

▲ Next.js 16.3.5 (Turbopack)
- Environments: .env.local
✓ Running next.config.ts took 41ms

  Creating an optimized production build ...
✓ Compiled successfully in 4.3s
  Running TypeScript ...
  Finished TypeScript in 13.7s ...
  Collecting page data using 7 workers ...
  Generating static pages using 7 workers (0/9) ...
  Generating static pages using 7 workers (2/9)
  Generating static pages using 7 workers (4/9)
  Generating static pages using 7 workers (6/9)
✓ Generating static pages using 7 workers (9/9) in 700ms
  Finalizing page optimization ...

Route (app)
┌ ○ /
├ ○ /_not-found
├ ƒ /[module]
├ ƒ /[module]/[id]
├ ○ /dashboard
├ ○ /icon.svg
├ ○ /login
├ ○ /order
├ ○ /preview
├ ƒ /preview/[...segments]
└ ○ /robots.txt


○  (Static)   prerendered as static content
ƒ  (Dynamic)  server-rendered on demand
