
> porta-delivery-admin@0.1.0 prebuild
> npm run api:check


> porta-delivery-admin@0.1.0 api:check
> node scripts/generate-contract.mjs --check

Generated schemas match the approved local contract.

> porta-delivery-admin@0.1.0 build
> next build

▲ Next.js 16.3.5 (Turbopack)
- Environments: .env.local
✓ Running next.config.ts took 28ms

  Creating an optimized production build ...
✓ Compiled successfully in 6.1s
  Running TypeScript ...
  Finished TypeScript in 8.3s ...
  Collecting page data using 7 workers ...
  Generating static pages using 7 workers (0/10) ...
  Generating static pages using 7 workers (2/10)
  Generating static pages using 7 workers (4/10)
  Generating static pages using 7 workers (7/10)
✓ Generating static pages using 7 workers (10/10) in 457ms
  Finalizing page optimization ...

Route (app)
┌ ○ /
├ ○ /_not-found
├ ƒ /[module]
├ ƒ /[module]/[id]
├ ○ /dashboard
├ ○ /icon.svg
├ ○ /login
├ ○ /order
├ ○ /preview
├ ƒ /preview/[...segments]
├ ○ /robots.txt
└ ○ /track


○  (Static)   prerendered as static content
ƒ  (Dynamic)  server-rendered on demand
